[2026-03-03 04:44:52] INFO — Project: swin_hafunet_brisc  |  Seed: 42
[2026-03-03 04:44:52] INFO — Device: cuda
[2026-03-03 04:44:52] INFO — GPU: NVIDIA GeForce RTX 4050 Laptop GPU
[2026-03-03 04:44:52] INFO — Building data loaders …
[2026-03-03 04:44:52] INFO — Train samples: 3343  |  Val samples: 590  |  Batch size: 8
[2026-03-03 04:44:52] INFO — Building Swin-HAFUNet model …
[2026-03-03 04:44:54] INFO — Parameters — Encoder: 27,517,818  Decoder: 9,703,207  Total: 37,221,025
[2026-03-03 04:44:54] INFO — Loss: combined  |  Optimizer: AdamW  |  Scheduler: CosineAnnealing
[2026-03-03 04:44:54] INFO — Starting training — 150 epochs, AMP=on, device=cuda
[2026-03-03 04:46:17] INFO — Epoch 1/150 — train_loss=0.5950  train_dice=0.5427  |  val_loss=0.3700  val_dice=0.7547  val_iou=0.6432  |  lr=1.00e-04  |  time=83.1s (train=77.7s val=5.4s)
[2026-03-03 04:47:40] INFO — Epoch 2/150 — train_loss=0.2143  train_dice=0.7658  |  val_loss=0.1286  val_dice=0.8071  val_iou=0.7094  |  lr=1.00e-04  |  time=81.5s (train=76.2s val=5.4s)
[2026-03-03 04:49:03] INFO — Epoch 3/150 — train_loss=0.1160  train_dice=0.8172  |  val_loss=0.1047  val_dice=0.8292  val_iou=0.7426  |  lr=9.99e-05  |  time=82.0s (train=76.4s val=5.5s)
[2026-03-03 04:50:26] INFO — Epoch 4/150 — train_loss=0.1000  train_dice=0.8348  |  val_loss=0.1008  val_dice=0.8325  val_iou=0.7491  |  lr=9.98e-05  |  time=81.9s (train=76.6s val=5.3s)
[2026-03-03 04:51:49] INFO — Epoch 5/150 — train_loss=0.0912  train_dice=0.8476  |  val_loss=0.0966  val_dice=0.8372  val_iou=0.7557  |  lr=9.97e-05  |  time=81.8s (train=76.5s val=5.3s)
[2026-03-03 04:53:11] INFO — Epoch 6/150 — train_loss=0.0860  train_dice=0.8547  |  val_loss=0.0915  val_dice=0.8464  val_iou=0.7684  |  lr=9.96e-05  |  time=81.0s (train=75.6s val=5.3s)
[2026-03-03 04:54:33] INFO — Epoch 7/150 — train_loss=0.0810  train_dice=0.8629  |  val_loss=0.0930  val_dice=0.8431  val_iou=0.7656  |  lr=9.95e-05  |  time=81.0s (train=75.7s val=5.3s)
[2026-03-03 04:55:55] INFO — Epoch 8/150 — train_loss=0.0778  train_dice=0.8682  |  val_loss=0.0883  val_dice=0.8517  val_iou=0.7738  |  lr=9.93e-05  |  time=80.9s (train=75.5s val=5.3s)
[2026-03-03 04:57:18] INFO — Epoch 9/150 — train_loss=0.0733  train_dice=0.8755  |  val_loss=0.0873  val_dice=0.8516  val_iou=0.7756  |  lr=9.91e-05  |  time=82.5s (train=77.2s val=5.3s)
[2026-03-03 04:58:46] INFO — Epoch 10/150 — train_loss=0.0729  train_dice=0.8759  |  val_loss=0.0870  val_dice=0.8520  val_iou=0.7748  |  lr=9.89e-05  |  time=86.5s (train=80.7s val=5.8s)
[2026-03-03 05:00:11] INFO — Epoch 11/150 — train_loss=0.0708  train_dice=0.8791  |  val_loss=0.0855  val_dice=0.8550  val_iou=0.7784  |  lr=9.87e-05  |  time=83.7s (train=78.4s val=5.3s)
[2026-03-03 05:01:34] INFO — Epoch 12/150 — train_loss=0.0697  train_dice=0.8810  |  val_loss=0.0876  val_dice=0.8516  val_iou=0.7775  |  lr=9.84e-05  |  time=82.2s (train=76.8s val=5.4s)
[2026-03-03 05:02:56] INFO — Epoch 13/150 — train_loss=0.0680  train_dice=0.8836  |  val_loss=0.0896  val_dice=0.8477  val_iou=0.7739  |  lr=9.82e-05  |  time=81.1s (train=75.7s val=5.4s)
[2026-03-03 05:04:18] INFO — Epoch 14/150 — train_loss=0.0663  train_dice=0.8864  |  val_loss=0.0801  val_dice=0.8647  val_iou=0.7897  |  lr=9.79e-05  |  time=81.4s (train=76.0s val=5.3s)
[2026-03-03 05:05:40] INFO — Epoch 15/150 — train_loss=0.0656  train_dice=0.8875  |  val_loss=0.0842  val_dice=0.8555  val_iou=0.7822  |  lr=9.76e-05  |  time=81.5s (train=76.2s val=5.3s)
[2026-03-03 05:07:02] INFO — Epoch 16/150 — train_loss=0.0633  train_dice=0.8915  |  val_loss=0.0821  val_dice=0.8592  val_iou=0.7858  |  lr=9.72e-05  |  time=81.3s (train=75.8s val=5.5s)
[2026-03-03 05:08:25] INFO — Epoch 17/150 — train_loss=0.0623  train_dice=0.8932  |  val_loss=0.0835  val_dice=0.8577  val_iou=0.7827  |  lr=9.69e-05  |  time=81.7s (train=76.4s val=5.3s)
[2026-03-03 05:09:47] INFO — Epoch 18/150 — train_loss=0.0625  train_dice=0.8926  |  val_loss=0.0819  val_dice=0.8594  val_iou=0.7856  |  lr=9.65e-05  |  time=81.5s (train=76.1s val=5.4s)
[2026-03-03 05:11:09] INFO — Epoch 19/150 — train_loss=0.0610  train_dice=0.8953  |  val_loss=0.0807  val_dice=0.8623  val_iou=0.7878  |  lr=9.61e-05  |  time=81.8s (train=76.5s val=5.3s)
[2026-03-03 05:12:36] INFO — Epoch 20/150 — train_loss=0.0602  train_dice=0.8964  |  val_loss=0.0804  val_dice=0.8624  val_iou=0.7907  |  lr=9.57e-05  |  time=85.8s (train=80.1s val=5.7s)
[2026-03-03 05:13:58] INFO — Epoch 21/150 — train_loss=0.0594  train_dice=0.8980  |  val_loss=0.0810  val_dice=0.8626  val_iou=0.7891  |  lr=9.53e-05  |  time=81.7s (train=76.4s val=5.3s)
[2026-03-03 05:15:20] INFO — Epoch 22/150 — train_loss=0.0580  train_dice=0.9003  |  val_loss=0.0740  val_dice=0.8744  val_iou=0.8020  |  lr=9.48e-05  |  time=81.5s (train=76.2s val=5.3s)
[2026-03-03 05:16:43] INFO — Epoch 23/150 — train_loss=0.0571  train_dice=0.9022  |  val_loss=0.0767  val_dice=0.8695  val_iou=0.7985  |  lr=9.44e-05  |  time=81.3s (train=75.9s val=5.3s)
[2026-03-03 05:18:04] INFO — Epoch 24/150 — train_loss=0.0575  train_dice=0.9012  |  val_loss=0.0756  val_dice=0.8714  val_iou=0.7986  |  lr=9.39e-05  |  time=81.1s (train=75.7s val=5.4s)
[2026-03-03 05:19:26] INFO — Epoch 25/150 — train_loss=0.0569  train_dice=0.9022  |  val_loss=0.0816  val_dice=0.8612  val_iou=0.7898  |  lr=9.34e-05  |  time=81.0s (train=75.7s val=5.3s)
[2026-03-03 05:20:48] INFO — Epoch 26/150 — train_loss=0.0558  train_dice=0.9042  |  val_loss=0.0790  val_dice=0.8656  val_iou=0.7942  |  lr=9.28e-05  |  time=81.2s (train=75.9s val=5.3s)
[2026-03-03 05:22:10] INFO — Epoch 27/150 — train_loss=0.0555  train_dice=0.9048  |  val_loss=0.0758  val_dice=0.8708  val_iou=0.7993  |  lr=9.23e-05  |  time=81.3s (train=76.0s val=5.3s)
[2026-03-03 05:23:31] INFO — Epoch 28/150 — train_loss=0.0553  train_dice=0.9051  |  val_loss=0.0755  val_dice=0.8714  val_iou=0.7987  |  lr=9.17e-05  |  time=81.1s (train=75.8s val=5.3s)
[2026-03-03 05:24:53] INFO — Epoch 29/150 — train_loss=0.0542  train_dice=0.9068  |  val_loss=0.0778  val_dice=0.8676  val_iou=0.7955  |  lr=9.11e-05  |  time=80.5s (train=75.0s val=5.4s)
[2026-03-03 05:26:15] INFO — Epoch 30/150 — train_loss=0.0540  train_dice=0.9072  |  val_loss=0.0790  val_dice=0.8655  val_iou=0.7924  |  lr=9.05e-05  |  time=81.6s (train=76.3s val=5.4s)
[2026-03-03 05:27:36] INFO — Epoch 31/150 — train_loss=0.0525  train_dice=0.9096  |  val_loss=0.0757  val_dice=0.8706  val_iou=0.7992  |  lr=8.99e-05  |  time=80.7s (train=75.3s val=5.4s)
[2026-03-03 05:28:58] INFO — Epoch 32/150 — train_loss=0.0520  train_dice=0.9107  |  val_loss=0.0799  val_dice=0.8630  val_iou=0.7920  |  lr=8.93e-05  |  time=81.1s (train=75.7s val=5.5s)
[2026-03-03 05:30:20] INFO — Epoch 33/150 — train_loss=0.0521  train_dice=0.9101  |  val_loss=0.0798  val_dice=0.8637  val_iou=0.7927  |  lr=8.86e-05  |  time=81.3s (train=76.0s val=5.3s)
[2026-03-03 05:31:42] INFO — Epoch 34/150 — train_loss=0.0521  train_dice=0.9105  |  val_loss=0.0797  val_dice=0.8638  val_iou=0.7936  |  lr=8.80e-05  |  time=81.9s (train=76.5s val=5.4s)
[2026-03-03 05:33:05] INFO — Epoch 35/150 — train_loss=0.0518  train_dice=0.9108  |  val_loss=0.0774  val_dice=0.8684  val_iou=0.7971  |  lr=8.73e-05  |  time=82.5s (train=76.9s val=5.5s)
[2026-03-03 05:34:28] INFO — Epoch 36/150 — train_loss=0.0513  train_dice=0.9117  |  val_loss=0.0777  val_dice=0.8671  val_iou=0.7967  |  lr=8.66e-05  |  time=81.7s (train=76.1s val=5.6s)
[2026-03-03 05:35:50] INFO — Epoch 37/150 — train_loss=0.0509  train_dice=0.9124  |  val_loss=0.0743  val_dice=0.8727  val_iou=0.8013  |  lr=8.59e-05  |  time=81.8s (train=76.3s val=5.5s)
[2026-03-03 05:37:12] INFO — Epoch 38/150 — train_loss=0.0499  train_dice=0.9141  |  val_loss=0.0739  val_dice=0.8741  val_iou=0.8033  |  lr=8.51e-05  |  time=81.2s (train=75.9s val=5.3s)
[2026-03-03 05:38:34] INFO — Epoch 39/150 — train_loss=0.0500  train_dice=0.9141  |  val_loss=0.0764  val_dice=0.8694  val_iou=0.7987  |  lr=8.44e-05  |  time=81.9s (train=76.5s val=5.4s)
[2026-03-03 05:39:56] INFO — Epoch 40/150 — train_loss=0.0492  train_dice=0.9153  |  val_loss=0.0741  val_dice=0.8729  val_iou=0.8022  |  lr=8.36e-05  |  time=80.9s (train=75.6s val=5.3s)
[2026-03-03 05:41:17] INFO — Epoch 41/150 — train_loss=0.0484  train_dice=0.9167  |  val_loss=0.0753  val_dice=0.8714  val_iou=0.7999  |  lr=8.28e-05  |  time=80.9s (train=75.6s val=5.3s)
[2026-03-03 05:42:40] INFO — Epoch 42/150 — train_loss=0.0482  train_dice=0.9171  |  val_loss=0.0710  val_dice=0.8789  val_iou=0.8079  |  lr=8.21e-05  |  time=81.6s (train=76.2s val=5.4s)
[2026-03-03 05:44:02] INFO — Epoch 43/150 — train_loss=0.0473  train_dice=0.9185  |  val_loss=0.0776  val_dice=0.8682  val_iou=0.7966  |  lr=8.12e-05  |  time=81.4s (train=76.0s val=5.4s)
[2026-03-03 05:45:24] INFO — Epoch 44/150 — train_loss=0.0487  train_dice=0.9160  |  val_loss=0.0748  val_dice=0.8728  val_iou=0.8013  |  lr=8.04e-05  |  time=81.4s (train=76.1s val=5.3s)
[2026-03-03 05:46:47] INFO — Epoch 45/150 — train_loss=0.0475  train_dice=0.9182  |  val_loss=0.0759  val_dice=0.8700  val_iou=0.7990  |  lr=7.96e-05  |  time=81.7s (train=76.3s val=5.5s)
[2026-03-03 05:48:08] INFO — Epoch 46/150 — train_loss=0.0464  train_dice=0.9200  |  val_loss=0.0742  val_dice=0.8735  val_iou=0.8022  |  lr=7.88e-05  |  time=81.2s (train=75.9s val=5.3s)
[2026-03-03 05:49:30] INFO — Epoch 47/150 — train_loss=0.0472  train_dice=0.9188  |  val_loss=0.0733  val_dice=0.8748  val_iou=0.8023  |  lr=7.79e-05  |  time=80.9s (train=75.4s val=5.5s)
[2026-03-03 05:50:52] INFO — Epoch 48/150 — train_loss=0.0467  train_dice=0.9198  |  val_loss=0.0762  val_dice=0.8704  val_iou=0.7993  |  lr=7.70e-05  |  time=81.3s (train=75.9s val=5.5s)
[2026-03-03 05:52:15] INFO — Epoch 49/150 — train_loss=0.0458  train_dice=0.9210  |  val_loss=0.0756  val_dice=0.8716  val_iou=0.8019  |  lr=7.61e-05  |  time=82.3s (train=77.0s val=5.3s)
[2026-03-03 05:53:37] INFO — Epoch 50/150 — train_loss=0.0457  train_dice=0.9215  |  val_loss=0.0764  val_dice=0.8701  val_iou=0.7997  |  lr=7.53e-05  |  time=81.4s (train=76.0s val=5.4s)
[2026-03-03 05:54:58] INFO — Epoch 51/150 — train_loss=0.0456  train_dice=0.9215  |  val_loss=0.0747  val_dice=0.8723  val_iou=0.8021  |  lr=7.43e-05  |  time=81.0s (train=75.6s val=5.4s)
[2026-03-03 05:56:20] INFO — Epoch 52/150 — train_loss=0.0440  train_dice=0.9244  |  val_loss=0.0785  val_dice=0.8673  val_iou=0.7962  |  lr=7.34e-05  |  time=80.8s (train=75.4s val=5.4s)
[2026-03-03 05:57:41] INFO — Epoch 53/150 — train_loss=0.0451  train_dice=0.9222  |  val_loss=0.0761  val_dice=0.8711  val_iou=0.8014  |  lr=7.25e-05  |  time=80.5s (train=75.2s val=5.3s)
[2026-03-03 05:59:03] INFO — Epoch 54/150 — train_loss=0.0445  train_dice=0.9234  |  val_loss=0.0757  val_dice=0.8717  val_iou=0.8012  |  lr=7.16e-05  |  time=81.3s (train=75.9s val=5.4s)
[2026-03-03 06:00:25] INFO — Epoch 55/150 — train_loss=0.0432  train_dice=0.9258  |  val_loss=0.0756  val_dice=0.8718  val_iou=0.8026  |  lr=7.06e-05  |  time=81.8s (train=76.3s val=5.5s)
[2026-03-03 06:01:48] INFO — Epoch 56/150 — train_loss=0.0431  train_dice=0.9258  |  val_loss=0.0772  val_dice=0.8690  val_iou=0.7994  |  lr=6.97e-05  |  time=82.3s (train=76.9s val=5.4s)
[2026-03-03 06:03:11] INFO — Epoch 57/150 — train_loss=0.0435  train_dice=0.9254  |  val_loss=0.0770  val_dice=0.8689  val_iou=0.8004  |  lr=6.87e-05  |  time=81.8s (train=76.4s val=5.4s)
[2026-03-03 06:04:33] INFO — Epoch 58/150 — train_loss=0.0432  train_dice=0.9255  |  val_loss=0.0757  val_dice=0.8717  val_iou=0.8010  |  lr=6.78e-05  |  time=82.2s (train=76.8s val=5.4s)
[2026-03-03 06:05:56] INFO — Epoch 59/150 — train_loss=0.0427  train_dice=0.9265  |  val_loss=0.0753  val_dice=0.8712  val_iou=0.8011  |  lr=6.68e-05  |  time=81.7s (train=76.4s val=5.3s)
[2026-03-03 06:07:18] INFO — Epoch 60/150 — train_loss=0.0432  train_dice=0.9258  |  val_loss=0.0732  val_dice=0.8756  val_iou=0.8054  |  lr=6.58e-05  |  time=81.2s (train=75.9s val=5.3s)
[2026-03-03 06:08:40] INFO — Epoch 61/150 — train_loss=0.0425  train_dice=0.9267  |  val_loss=0.0746  val_dice=0.8731  val_iou=0.8021  |  lr=6.48e-05  |  time=81.8s (train=76.4s val=5.4s)
[2026-03-03 06:10:02] INFO — Epoch 62/150 — train_loss=0.0423  train_dice=0.9272  |  val_loss=0.0789  val_dice=0.8653  val_iou=0.7961  |  lr=6.38e-05  |  time=81.6s (train=76.2s val=5.4s)
[2026-03-03 06:10:03] INFO — Early stopping triggered at epoch 62 (no improvement for 20 epochs).
